// Jest Snapshot v1, https://goo.gl/fbAQLP

exports[`renders the component 1`] = `
<div
  className="categories"
>
  <h2>
    Choose Category
  </h2>
  <div
    className="categories__cards"
  >
    <div
      className="skeleton-card"
    >
      <div
        className="skeleton-circle"
      >
        <div
          className="shimmer-wrapper"
        >
          <div
            className="shimmer"
          />
        </div>
      </div>
      <div
        className="skeleton-rectangle"
      >
        <div
          className="shimmer-wrapper"
        >
          <div
            className="shimmer"
          />
        </div>
      </div>
    </div>
    <div
      className="skeleton-card"
    >
      <div
        className="skeleton-circle"
      >
        <div
          className="shimmer-wrapper"
        >
          <div
            className="shimmer"
          />
        </div>
      </div>
      <div
        className="skeleton-rectangle"
      >
        <div
          className="shimmer-wrapper"
        >
          <div
            className="shimmer"
          />
        </div>
      </div>
    </div>
    <div
      className="skeleton-card"
    >
      <div
        className="skeleton-circle"
      >
        <div
          className="shimmer-wrapper"
        >
          <div
            className="shimmer"
          />
        </div>
      </div>
      <div
        className="skeleton-rectangle"
      >
        <div
          className="shimmer-wrapper"
        >
          <div
            className="shimmer"
          />
        </div>
      </div>
    </div>
    <div
      className="skeleton-card"
    >
      <div
        className="skeleton-circle"
      >
        <div
          className="shimmer-wrapper"
        >
          <div
            className="shimmer"
          />
        </div>
      </div>
      <div
        className="skeleton-rectangle"
      >
        <div
          className="shimmer-wrapper"
        >
          <div
            className="shimmer"
          />
        </div>
      </div>
    </div>
    <div
      className="skeleton-card"
    >
      <div
        className="skeleton-circle"
      >
        <div
          className="shimmer-wrapper"
        >
          <div
            className="shimmer"
          />
        </div>
      </div>
      <div
        className="skeleton-rectangle"
      >
        <div
          className="shimmer-wrapper"
        >
          <div
            className="shimmer"
          />
        </div>
      </div>
    </div>
    <div
      className="skeleton-card"
    >
      <div
        className="skeleton-circle"
      >
        <div
          className="shimmer-wrapper"
        >
          <div
            className="shimmer"
          />
        </div>
      </div>
      <div
        className="skeleton-rectangle"
      >
        <div
          className="shimmer-wrapper"
        >
          <div
            className="shimmer"
          />
        </div>
      </div>
    </div>
    <div
      className="skeleton-card"
    >
      <div
        className="skeleton-circle"
      >
        <div
          className="shimmer-wrapper"
        >
          <div
            className="shimmer"
          />
        </div>
      </div>
      <div
        className="skeleton-rectangle"
      >
        <div
          className="shimmer-wrapper"
        >
          <div
            className="shimmer"
          />
        </div>
      </div>
    </div>
    <div
      className="skeleton-card"
    >
      <div
        className="skeleton-circle"
      >
        <div
          className="shimmer-wrapper"
        >
          <div
            className="shimmer"
          />
        </div>
      </div>
      <div
        className="skeleton-rectangle"
      >
        <div
          className="shimmer-wrapper"
        >
          <div
            className="shimmer"
          />
        </div>
      </div>
    </div>
    <div
      className="skeleton-card"
    >
      <div
        className="skeleton-circle"
      >
        <div
          className="shimmer-wrapper"
        >
          <div
            className="shimmer"
          />
        </div>
      </div>
      <div
        className="skeleton-rectangle"
      >
        <div
          className="shimmer-wrapper"
        >
          <div
            className="shimmer"
          />
        </div>
      </div>
    </div>
    <div
      className="skeleton-card"
    >
      <div
        className="skeleton-circle"
      >
        <div
          className="shimmer-wrapper"
        >
          <div
            className="shimmer"
          />
        </div>
      </div>
      <div
        className="skeleton-rectangle"
      >
        <div
          className="shimmer-wrapper"
        >
          <div
            className="shimmer"
          />
        </div>
      </div>
    </div>
    <div
      className="skeleton-card"
    >
      <div
        className="skeleton-circle"
      >
        <div
          className="shimmer-wrapper"
        >
          <div
            className="shimmer"
          />
        </div>
      </div>
      <div
        className="skeleton-rectangle"
      >
        <div
          className="shimmer-wrapper"
        >
          <div
            className="shimmer"
          />
        </div>
      </div>
    </div>
  </div>
</div>
`;
