// Jest Snapshot v1, https://goo.gl/fbAQLP

exports[`renders the component 1`] = `
<div>
  <h1
    className="heading"
  >
    Get started with a TechnoQuiz subscription that works for you
  </h1>
  <div
    className="cardContainer"
  >
    <div
      className="premiumContainer"
    >
      <div
        className="header"
      >
        <p
          className="title"
        >
          Monthly
        </p>
        <p
          className="subtitle"
        >
          Subscription
        </p>
        <p
          className="price"
        >
          ₹450/mo
        </p>
      </div>
      <div
        className="body"
      >
        <strong>
          Down from ₹500/month.
        </strong>
        <br />
         
        <br />
        Our 
        Monthly
         plan grants access to 
        <strong>
          all premium features
        </strong>
        ,
        the best plan for short-term subscribers.
        <small
          className="currencyNotice"
        >
          (prices are marked in INR)
        </small>
      </div>
      <div
        className="footer"
      >
        <button
          className="btn btn--premium btn--medium null"
          onClick={[Function]}
        >
           Subscribe 
        </button>
      </div>
    </div>
    <div
      className="premiumContainer"
    >
      <div
        className="header_dark"
      >
        <p
          className="title"
        >
          Yearly
        </p>
        <p
          className="subtitle"
        >
          Subscription
        </p>
        <p
          className="price"
        >
          ₹4800/yr
        </p>
      </div>
      <div
        className="body"
      >
        <strong>
          Down from ₹6000/year.
        </strong>
        <br />
         
        <br />
        Our 
        Yearly
         plan grants access to 
        <strong>
          all premium features
        </strong>
        ,
        This plan saves you over 60% in comparison to the monthly plan.
        <small
          className="currencyNotice"
        >
          (prices are marked in INR)
        </small>
      </div>
      <div
        className="footer"
      >
        <button
          className="btn btn--outline btn--medium null"
          onClick={[Function]}
        >
           Subscribe 
        </button>
      </div>
    </div>
  </div>
</div>
`;
