// Jest Snapshot v1, https://goo.gl/fbAQLP

exports[`renders the component 1`] = `
<div
  className="leaderboard"
>
  <div
    className="leaderboard_img"
  >
    <img
      alt="Leaderboard Trophy"
      src="trophy.png"
    />
  </div>
  <div
    className="skeleton-leaders"
  >
    <div
      className="skeleton-leader"
    >
      <div
        className="skeleton-avatar-small"
      >
        <div
          className="shimmer-wrapper"
        >
          <div
            className="shimmer"
          />
        </div>
      </div>
      <div
        className="skeleton-text"
      >
        <div
          className="shimmer-wrapper"
        >
          <div
            className="shimmer"
          />
        </div>
      </div>
    </div>
    <div
      className="skeleton-leader"
    >
      <div
        className="skeleton-avatar-small"
      >
        <div
          className="shimmer-wrapper"
        >
          <div
            className="shimmer"
          />
        </div>
      </div>
      <div
        className="skeleton-text"
      >
        <div
          className="shimmer-wrapper"
        >
          <div
            className="shimmer"
          />
        </div>
      </div>
    </div>
    <div
      className="skeleton-leader"
    >
      <div
        className="skeleton-avatar-small"
      >
        <div
          className="shimmer-wrapper"
        >
          <div
            className="shimmer"
          />
        </div>
      </div>
      <div
        className="skeleton-text"
      >
        <div
          className="shimmer-wrapper"
        >
          <div
            className="shimmer"
          />
        </div>
      </div>
    </div>
    <div
      className="skeleton-leader"
    >
      <div
        className="skeleton-avatar-small"
      >
        <div
          className="shimmer-wrapper"
        >
          <div
            className="shimmer"
          />
        </div>
      </div>
      <div
        className="skeleton-text"
      >
        <div
          className="shimmer-wrapper"
        >
          <div
            className="shimmer"
          />
        </div>
      </div>
    </div>
    <div
      className="skeleton-leader"
    >
      <div
        className="skeleton-avatar-small"
      >
        <div
          className="shimmer-wrapper"
        >
          <div
            className="shimmer"
          />
        </div>
      </div>
      <div
        className="skeleton-text"
      >
        <div
          className="shimmer-wrapper"
        >
          <div
            className="shimmer"
          />
        </div>
      </div>
    </div>
    <div
      className="skeleton-leader"
    >
      <div
        className="skeleton-avatar-small"
      >
        <div
          className="shimmer-wrapper"
        >
          <div
            className="shimmer"
          />
        </div>
      </div>
      <div
        className="skeleton-text"
      >
        <div
          className="shimmer-wrapper"
        >
          <div
            className="shimmer"
          />
        </div>
      </div>
    </div>
    <div
      className="skeleton-leader"
    >
      <div
        className="skeleton-avatar-small"
      >
        <div
          className="shimmer-wrapper"
        >
          <div
            className="shimmer"
          />
        </div>
      </div>
      <div
        className="skeleton-text"
      >
        <div
          className="shimmer-wrapper"
        >
          <div
            className="shimmer"
          />
        </div>
      </div>
    </div>
    <div
      className="skeleton-leader"
    >
      <div
        className="skeleton-avatar-small"
      >
        <div
          className="shimmer-wrapper"
        >
          <div
            className="shimmer"
          />
        </div>
      </div>
      <div
        className="skeleton-text"
      >
        <div
          className="shimmer-wrapper"
        >
          <div
            className="shimmer"
          />
        </div>
      </div>
    </div>
    <div
      className="skeleton-leader"
    >
      <div
        className="skeleton-avatar-small"
      >
        <div
          className="shimmer-wrapper"
        >
          <div
            className="shimmer"
          />
        </div>
      </div>
      <div
        className="skeleton-text"
      >
        <div
          className="shimmer-wrapper"
        >
          <div
            className="shimmer"
          />
        </div>
      </div>
    </div>
    <div
      className="skeleton-leader"
    >
      <div
        className="skeleton-avatar-small"
      >
        <div
          className="shimmer-wrapper"
        >
          <div
            className="shimmer"
          />
        </div>
      </div>
      <div
        className="skeleton-text"
      >
        <div
          className="shimmer-wrapper"
        >
          <div
            className="shimmer"
          />
        </div>
      </div>
    </div>
  </div>
</div>
`;
