// Jest Snapshot v1, https://goo.gl/fbAQLP

exports[`renders the component 1`] = `
Array [
  <div
    className="skeleton-card"
  >
    <div
      className="skeleton-circle"
    >
      <div
        className="shimmer-wrapper"
      >
        <div
          className="shimmer"
        />
      </div>
    </div>
    <div
      className="skeleton-rectangle"
    >
      <div
        className="shimmer-wrapper"
      >
        <div
          className="shimmer"
        />
      </div>
    </div>
  </div>,
  <div
    className="skeleton-card"
  >
    <div
      className="skeleton-circle"
    >
      <div
        className="shimmer-wrapper"
      >
        <div
          className="shimmer"
        />
      </div>
    </div>
    <div
      className="skeleton-rectangle"
    >
      <div
        className="shimmer-wrapper"
      >
        <div
          className="shimmer"
        />
      </div>
    </div>
  </div>,
  <div
    className="skeleton-card"
  >
    <div
      className="skeleton-circle"
    >
      <div
        className="shimmer-wrapper"
      >
        <div
          className="shimmer"
        />
      </div>
    </div>
    <div
      className="skeleton-rectangle"
    >
      <div
        className="shimmer-wrapper"
      >
        <div
          className="shimmer"
        />
      </div>
    </div>
  </div>,
  <div
    className="skeleton-card"
  >
    <div
      className="skeleton-circle"
    >
      <div
        className="shimmer-wrapper"
      >
        <div
          className="shimmer"
        />
      </div>
    </div>
    <div
      className="skeleton-rectangle"
    >
      <div
        className="shimmer-wrapper"
      >
        <div
          className="shimmer"
        />
      </div>
    </div>
  </div>,
  <div
    className="skeleton-card"
  >
    <div
      className="skeleton-circle"
    >
      <div
        className="shimmer-wrapper"
      >
        <div
          className="shimmer"
        />
      </div>
    </div>
    <div
      className="skeleton-rectangle"
    >
      <div
        className="shimmer-wrapper"
      >
        <div
          className="shimmer"
        />
      </div>
    </div>
  </div>,
  <div
    className="skeleton-card"
  >
    <div
      className="skeleton-circle"
    >
      <div
        className="shimmer-wrapper"
      >
        <div
          className="shimmer"
        />
      </div>
    </div>
    <div
      className="skeleton-rectangle"
    >
      <div
        className="shimmer-wrapper"
      >
        <div
          className="shimmer"
        />
      </div>
    </div>
  </div>,
  <div
    className="skeleton-card"
  >
    <div
      className="skeleton-circle"
    >
      <div
        className="shimmer-wrapper"
      >
        <div
          className="shimmer"
        />
      </div>
    </div>
    <div
      className="skeleton-rectangle"
    >
      <div
        className="shimmer-wrapper"
      >
        <div
          className="shimmer"
        />
      </div>
    </div>
  </div>,
  <div
    className="skeleton-card"
  >
    <div
      className="skeleton-circle"
    >
      <div
        className="shimmer-wrapper"
      >
        <div
          className="shimmer"
        />
      </div>
    </div>
    <div
      className="skeleton-rectangle"
    >
      <div
        className="shimmer-wrapper"
      >
        <div
          className="shimmer"
        />
      </div>
    </div>
  </div>,
  <div
    className="skeleton-card"
  >
    <div
      className="skeleton-circle"
    >
      <div
        className="shimmer-wrapper"
      >
        <div
          className="shimmer"
        />
      </div>
    </div>
    <div
      className="skeleton-rectangle"
    >
      <div
        className="shimmer-wrapper"
      >
        <div
          className="shimmer"
        />
      </div>
    </div>
  </div>,
  <div
    className="skeleton-card"
  >
    <div
      className="skeleton-circle"
    >
      <div
        className="shimmer-wrapper"
      >
        <div
          className="shimmer"
        />
      </div>
    </div>
    <div
      className="skeleton-rectangle"
    >
      <div
        className="shimmer-wrapper"
      >
        <div
          className="shimmer"
        />
      </div>
    </div>
  </div>,
  <div
    className="skeleton-card"
  >
    <div
      className="skeleton-circle"
    >
      <div
        className="shimmer-wrapper"
      >
        <div
          className="shimmer"
        />
      </div>
    </div>
    <div
      className="skeleton-rectangle"
    >
      <div
        className="shimmer-wrapper"
      >
        <div
          className="shimmer"
        />
      </div>
    </div>
  </div>,
]
`;
